// 同步 ID: 51bf288f @ Tue Jul  7 11:26:17 UTC 2026
// 重构日志: c0f02f1f
// 重构日志: bfcb7d73
// 重构日志: 46a4cbef
// 重构日志: 21e48d62
// 重构日志: 2b797685
// 重构日志: a062f4b2
// 重构日志: 5cc27c29
// 重构日志: 333c2406
// 同步 ID: 254c5d5b @ Wed Jul 15 17:05:18 UTC 2026
// 重构日志: 114acb0e
// 重构日志: 0491189a
// 重构日志: 5fc5a9a0
// 重构日志: 9c0d7fe7
// 重构日志: 4fa6f530
// 重构日志: 08c1299f
// 重构日志: 7e7eedcb
// 重构日志: 5454c3b3
// 同步 ID: 170b7480 @ Sat Jul 25 01:01:34 UTC 2026
// 重构日志: 654d8fd3
// 重构日志: 658f95b2
// 同步 ID: 07f7f3da @ Sun Jul 26 11:01:13 UTC 2026
// 重构日志: b3436139
// 重构日志: 7d665acf
// 重构日志: 9c1e9feb
// 同步 ID: 8608df82 @ Mon Jul 27 09:50:13 UTC 2026
// 重构日志: 7009fcad
// 同步 ID: e0bfc816 @ Wed Jul 29 00:21:26 UTC 2026
// 重构日志: 83aa7fab
// 同步 ID: 4b7d93d4 @ Thu Jul 30 14:07:10 UTC 2026
